Copyright 1986-2022 Xilinx, Inc. All Rights Reserved. Copyright 2022-2025 Advanced Micro Devices, Inc. All Rights Reserved.
---------------------------------------------------------------------------------------------------------------------------------------------------------------------------------------------
| Tool Version : Vivado v.2025.1.1 (win64) Build 6233196 Thu Sep 11 21:27:30 MDT 2025
| Date         : Fri Jul 10 23:15:45 2026
| Host         : SonnyC running 64-bit major release  (build 9200)
| Command      : report_timing_summary -file {C:/Users/hayka/Desktop/Main Code Source Collection/FPGA FIR Filter/FPGA-Implementation-of-Time-Multiplexed-FIR-Filters/result/timing_srl1.rpt}
| Design       : fir_time_mux_top
| Device       : 7a35t-cpg236
| Speed File   : -1  PRODUCTION 1.23 2018-06-13
| Design State : Optimized
---------------------------------------------------------------------------------------------------------------------------------------------------------------------------------------------

Timing Summary Report

------------------------------------------------------------------------------------------------
| Timer Settings
| --------------
------------------------------------------------------------------------------------------------

  Enable Multi Corner Analysis               :  Yes
  Enable Pessimism Removal                   :  Yes
  Pessimism Removal Resolution               :  Nearest Common Node
  Enable Input Delay Default Clock           :  No
  Enable Preset / Clear Arcs                 :  No
  Disable Flight Delays                      :  No
  Ignore I/O Paths                           :  No
  Timing Early Launch at Borrowing Latches   :  No
  Borrow Time for Max Delay Exceptions       :  Yes
  Merge Timing Exceptions                    :  Yes
  Inter-SLR Compensation                     :  Conservative

  Corner  Analyze    Analyze    
  Name    Max Paths  Min Paths  
  ------  ---------  ---------  
  Slow    Yes        Yes        
  Fast    Yes        Yes        


------------------------------------------------------------------------------------------------
| Report Methodology
| ------------------
------------------------------------------------------------------------------------------------

No report available as report_methodology has not been run prior. Run report_methodology on the current design for the summary of methodology violations.



check_timing report

Table of Contents
-----------------
1. checking no_clock (0)
2. checking constant_clock (0)
3. checking pulse_width_clock (0)
4. checking unconstrained_internal_endpoints (0)
5. checking no_input_delay (14)
6. checking no_output_delay (14)
7. checking multiple_clock (0)
8. checking generated_clocks (0)
9. checking loops (0)
10. checking partial_input_delay (0)
11. checking partial_output_delay (0)
12. checking latch_loops (0)

1. checking no_clock (0)
------------------------
 There are 0 register/latch pins with no clock.


2. checking constant_clock (0)
------------------------------
 There are 0 register/latch pins with constant_clock.


3. checking pulse_width_clock (0)
---------------------------------
 There are 0 register/latch pins which need pulse_width check


4. checking unconstrained_internal_endpoints (0)
------------------------------------------------
 There are 0 pins that are not constrained for maximum delay.

 There are 0 pins that are not constrained for maximum delay due to constant clock.


5. checking no_input_delay (14)
-------------------------------
 There are 14 input ports with no input delay specified. (HIGH)

 There are 0 input ports with no input delay but user has a false path constraint.


6. checking no_output_delay (14)
--------------------------------
 There are 14 ports with no output delay specified. (HIGH)

 There are 0 ports with no output delay but user has a false path constraint

 There are 0 ports with no output delay but with a timing clock defined on it or propagating through it


7. checking multiple_clock (0)
------------------------------
 There are 0 register/latch pins with multiple clocks.


8. checking generated_clocks (0)
--------------------------------
 There are 0 generated clocks that are not connected to a clock source.


9. checking loops (0)
---------------------
 There are 0 combinational loops in the design.


10. checking partial_input_delay (0)
------------------------------------
 There are 0 input ports with partial input delay specified.


11. checking partial_output_delay (0)
-------------------------------------
 There are 0 ports with partial output delay specified.


12. checking latch_loops (0)
----------------------------
 There are 0 combinational latch loops in the design through latch input



------------------------------------------------------------------------------------------------
| Design Timing Summary
| ---------------------
------------------------------------------------------------------------------------------------

    WNS(ns)      TNS(ns)  TNS Failing Endpoints  TNS Total Endpoints      WHS(ns)      THS(ns)  THS Failing Endpoints  THS Total Endpoints     WPWS(ns)     TPWS(ns)  TPWS Failing Endpoints  TPWS Total Endpoints  
    -------      -------  ---------------------  -------------------      -------      -------  ---------------------  -------------------     --------     --------  ----------------------  --------------------  
      8.657        0.000                      0                  399        0.294        0.000                      0                  399        9.020        0.000                       0                   111  


All user specified timing constraints are met.


------------------------------------------------------------------------------------------------
| Clock Summary
| -------------
------------------------------------------------------------------------------------------------

Clock  Waveform(ns)       Period(ns)      Frequency(MHz)
-----  ------------       ----------      --------------
clk    {0.000 10.000}     20.000          50.000          


------------------------------------------------------------------------------------------------
| Intra Clock Table
| -----------------
------------------------------------------------------------------------------------------------

Clock             WNS(ns)      TNS(ns)  TNS Failing Endpoints  TNS Total Endpoints      WHS(ns)      THS(ns)  THS Failing Endpoints  THS Total Endpoints     WPWS(ns)     TPWS(ns)  TPWS Failing Endpoints  TPWS Total Endpoints  
-----             -------      -------  ---------------------  -------------------      -------      -------  ---------------------  -------------------     --------     --------  ----------------------  --------------------  
clk                 8.657        0.000                      0                  399        0.294        0.000                      0                  399        9.020        0.000                       0                   111  


------------------------------------------------------------------------------------------------
| Inter Clock Table
| -----------------
------------------------------------------------------------------------------------------------

From Clock    To Clock          WNS(ns)      TNS(ns)  TNS Failing Endpoints  TNS Total Endpoints      WHS(ns)      THS(ns)  THS Failing Endpoints  THS Total Endpoints  
----------    --------          -------      -------  ---------------------  -------------------      -------      -------  ---------------------  -------------------  


------------------------------------------------------------------------------------------------
| Other Path Groups Table
| -----------------------
------------------------------------------------------------------------------------------------

Path Group    From Clock    To Clock          WNS(ns)      TNS(ns)  TNS Failing Endpoints  TNS Total Endpoints      WHS(ns)      THS(ns)  THS Failing Endpoints  THS Total Endpoints  
----------    ----------    --------          -------      -------  ---------------------  -------------------      -------      -------  ---------------------  -------------------  


------------------------------------------------------------------------------------------------
| Timing Details
| --------------
------------------------------------------------------------------------------------------------


---------------------------------------------------------------------------------------------------
From Clock:  clk
  To Clock:  clk

Setup :            0  Failing Endpoints,  Worst Slack        8.657ns,  Total Violation        0.000ns
Hold  :            0  Failing Endpoints,  Worst Slack        0.294ns,  Total Violation        0.000ns
PW    :            0  Failing Endpoints,  Worst Slack        9.020ns,  Total Violation        0.000ns
---------------------------------------------------------------------------------------------------


Max Delay Paths
--------------------------------------------------------------------------------------
Slack (MET) :             8.657ns  (required time - arrival time)
  Source:                 g_mac[2].u_mac/acc_reg/CLK
                            (rising edge-triggered cell DSP48E1 clocked by clk  {rise@0.000ns fall@10.000ns period=20.000ns})
  Destination:            y_out_reg[0]/D
                            (rising edge-triggered cell FDRE clocked by clk  {rise@0.000ns fall@10.000ns period=20.000ns})
  Path Group:             clk
  Path Type:              Setup (Max at Slow Process Corner)
  Requirement:            20.000ns  (clk rise@20.000ns - clk rise@0.000ns)
  Data Path Delay:        11.288ns  (logic 6.186ns (54.803%)  route 5.102ns (45.197%))
  Logic Levels:           18  (CARRY4=11 LUT1=2 LUT3=2 LUT5=2 LUT6=1)
  Clock Path Skew:        -0.049ns (DCD - SCD + CPR)
    Destination Clock Delay (DCD):    0.924ns = ( 20.924 - 20.000 ) 
    Source Clock Delay      (SCD):    0.973ns
    Clock Pessimism Removal (CPR):    0.000ns
  Clock Uncertainty:      0.035ns  ((TSJ^2 + TIJ^2)^1/2 + DJ) / 2 + PE
    Total System Jitter     (TSJ):    0.071ns
    Total Input Jitter      (TIJ):    0.000ns
    Discrete Jitter          (DJ):    0.000ns
    Phase Error              (PE):    0.000ns

    Location             Delay type                Incr(ns)  Path(ns)    Netlist Resource(s)
  -------------------------------------------------------------------    -------------------
                         (clock clk rise edge)        0.000     0.000 r  
                                                      0.000     0.000 r  clk (IN)
                         net (fo=110, unset)          0.973     0.973    g_mac[2].u_mac/clk
                         DSP48E1                                      r  g_mac[2].u_mac/acc_reg/CLK
  -------------------------------------------------------------------    -------------------
                         DSP48E1 (Prop_dsp48e1_CLK_P[4])
                                                      0.434     1.407 r  g_mac[2].u_mac/acc_reg/P[4]
                         net (fo=3, unplaced)         0.800     2.207    g_mac[3].u_mac/y_out[11]_i_22_0[3]
                         LUT3 (Prop_lut3_I2_O)        0.124     2.331 r  g_mac[3].u_mac/y_out[3]_i_74/O
                         net (fo=2, unplaced)         0.460     2.791    g_mac[3].u_mac/y_out[3]_i_74_n_0
                         LUT5 (Prop_lut5_I1_O)        0.124     2.915 r  g_mac[3].u_mac/y_out[3]_i_50/O
                         net (fo=2, unplaced)         0.650     3.565    g_mac[3].u_mac/y_out[3]_i_50_n_0
                         CARRY4 (Prop_carry4_DI[1]_CO[3])
                                                      0.520     4.085 r  g_mac[3].u_mac/y_out_reg[3]_i_29/CO[3]
                         net (fo=1, unplaced)         0.000     4.085    g_mac[3].u_mac/y_out_reg[3]_i_29_n_0
                         CARRY4 (Prop_carry4_CI_O[3])
                                                      0.331     4.416 f  g_mac[3].u_mac/y_out_reg[3]_i_17/O[3]
                         net (fo=2, unplaced)         0.629     5.045    g_mac[3].u_mac/acc_sum[11]
                         LUT1 (Prop_lut1_I0_O)        0.307     5.352 r  g_mac[3].u_mac/y_out[3]_i_45/O
                         net (fo=1, unplaced)         0.000     5.352    g_mac[3].u_mac/u_output/round_up1[11]
                         CARRY4 (Prop_carry4_S[2]_CO[3])
                                                      0.380     5.732 r  g_mac[3].u_mac/y_out_reg[3]_i_26/CO[3]
                         net (fo=1, unplaced)         0.000     5.732    g_mac[3].u_mac/y_out_reg[3]_i_26_n_0
                         CARRY4 (Prop_carry4_CI_O[1])
                                                      0.337     6.069 r  g_mac[3].u_mac/y_out_reg[3]_i_12/O[1]
                         net (fo=2, unplaced)         0.610     6.679    g_mac[3].u_mac/u_output/round_up0[14]
                         LUT6 (Prop_lut6_I2_O)        0.306     6.985 r  g_mac[3].u_mac/y_out[3]_i_8/O
                         net (fo=1, unplaced)         0.000     6.985    g_mac[3].u_mac/y_out[3]_i_8_n_0
                         CARRY4 (Prop_carry4_S[1]_CO[3])
                                                      0.533     7.518 r  g_mac[3].u_mac/y_out_reg[3]_i_2/CO[3]
                         net (fo=1, unplaced)         0.009     7.527    g_mac[3].u_mac/y_out_reg[3]_i_2_n_0
                         CARRY4 (Prop_carry4_CI_CO[3])
                                                      0.117     7.644 r  g_mac[3].u_mac/y_out_reg[7]_i_2/CO[3]
                         net (fo=1, unplaced)         0.000     7.644    g_mac[3].u_mac/y_out_reg[7]_i_2_n_0
                         CARRY4 (Prop_carry4_CI_O[3])
                                                      0.331     7.975 f  g_mac[3].u_mac/y_out_reg[11]_i_6/O[3]
                         net (fo=6, unplaced)         0.650     8.625    g_mac[3].u_mac/u_output/rounded_magnitude[11]
                         LUT1 (Prop_lut1_I0_O)        0.307     8.932 r  g_mac[3].u_mac/y_out[11]_i_16/O
                         net (fo=1, unplaced)         0.000     8.932    g_mac[3].u_mac/y_out[11]_i_16_n_0
                         CARRY4 (Prop_carry4_S[2]_CO[3])
                                                      0.380     9.312 r  g_mac[3].u_mac/y_out_reg[11]_i_4/CO[3]
                         net (fo=1, unplaced)         0.000     9.312    g_mac[3].u_mac/y_out_reg[11]_i_4_n_0
                         CARRY4 (Prop_carry4_CI_CO[3])
                                                      0.117     9.429 r  g_mac[3].u_mac/y_out_reg[11]_i_64/CO[3]
                         net (fo=1, unplaced)         0.000     9.429    g_mac[3].u_mac/y_out_reg[11]_i_64_n_0
                         CARRY4 (Prop_carry4_CI_O[1])
                                                      0.337     9.766 f  g_mac[3].u_mac/y_out_reg[11]_i_39/O[1]
                         net (fo=4, unplaced)         0.635    10.401    g_mac[3].u_mac/u_output/value3[18]
                         LUT5 (Prop_lut5_I0_O)        0.332    10.733 r  g_mac[3].u_mac/y_out[11]_i_8/O
                         net (fo=1, unplaced)         0.000    10.733    g_mac[3].u_mac/y_out[11]_i_8_n_0
                         CARRY4 (Prop_carry4_DI[0]_CO[1])
                                                      0.537    11.270 f  g_mac[3].u_mac/y_out_reg[11]_i_2/CO[1]
                         net (fo=12, unplaced)        0.659    11.929    g_mac[3].u_mac/u_output/value1
                         LUT3 (Prop_lut3_I0_O)        0.332    12.261 r  g_mac[3].u_mac/y_out[0]_i_1/O
                         net (fo=1, unplaced)         0.000    12.261    rounded_value[0]
                         FDRE                                         r  y_out_reg[0]/D
  -------------------------------------------------------------------    -------------------

                         (clock clk rise edge)       20.000    20.000 r  
                                                      0.000    20.000 r  clk (IN)
                         net (fo=110, unset)          0.924    20.924    clk
                         FDRE                                         r  y_out_reg[0]/C
                         clock pessimism              0.000    20.924    
                         clock uncertainty           -0.035    20.889    
                         FDRE (Setup_fdre_C_D)        0.029    20.918    y_out_reg[0]
  -------------------------------------------------------------------
                         required time                         20.918    
                         arrival time                         -12.261    
  -------------------------------------------------------------------
                         slack                                  8.657    





Min Delay Paths
--------------------------------------------------------------------------------------
Slack (MET) :             0.294ns  (arrival time - required time)
  Source:                 u_ctrl/cycle_reg[1]/C
                            (rising edge-triggered cell FDRE clocked by clk  {rise@0.000ns fall@10.000ns period=20.000ns})
  Destination:            u_ctrl/cycle_reg[3]/D
                            (rising edge-triggered cell FDRE clocked by clk  {rise@0.000ns fall@10.000ns period=20.000ns})
  Path Group:             clk
  Path Type:              Hold (Min at Fast Process Corner)
  Requirement:            0.000ns  (clk rise@0.000ns - clk rise@0.000ns)
  Data Path Delay:        0.406ns  (logic 0.239ns (58.817%)  route 0.167ns (41.183%))
  Logic Levels:           1  (LUT4=1)
  Clock Path Skew:        0.022ns (DCD - SCD - CPR)
    Destination Clock Delay (DCD):    0.432ns
    Source Clock Delay      (SCD):    0.410ns
    Clock Pessimism Removal (CPR):    -0.000ns

    Location             Delay type                Incr(ns)  Path(ns)    Netlist Resource(s)
  -------------------------------------------------------------------    -------------------
                         (clock clk rise edge)        0.000     0.000 r  
                                                      0.000     0.000 r  clk (IN)
                         net (fo=110, unset)          0.410     0.410    u_ctrl/clk
                         FDRE                                         r  u_ctrl/cycle_reg[1]/C
  -------------------------------------------------------------------    -------------------
                         FDRE (Prop_fdre_C_Q)         0.141     0.551 r  u_ctrl/cycle_reg[1]/Q
                         net (fo=59, unplaced)        0.167     0.718    u_ctrl/Q[1]
                         LUT4 (Prop_lut4_I3_O)        0.098     0.816 r  u_ctrl/cycle[3]_i_2/O
                         net (fo=1, unplaced)         0.000     0.816    u_ctrl/p_1_in[3]
                         FDRE                                         r  u_ctrl/cycle_reg[3]/D
  -------------------------------------------------------------------    -------------------

                         (clock clk rise edge)        0.000     0.000 r  
                                                      0.000     0.000 r  clk (IN)
                         net (fo=110, unset)          0.432     0.432    u_ctrl/clk
                         FDRE                                         r  u_ctrl/cycle_reg[3]/C
                         clock pessimism              0.000     0.432    
                         FDRE (Hold_fdre_C_D)         0.091     0.523    u_ctrl/cycle_reg[3]
  -------------------------------------------------------------------
                         required time                         -0.523    
                         arrival time                           0.816    
  -------------------------------------------------------------------
                         slack                                  0.294    





Pulse Width Checks
--------------------------------------------------------------------------------------
Clock Name:         clk
Waveform(ns):       { 0.000 10.000 }
Period(ns):         20.000
Sources:            { clk }

Check Type        Corner  Lib Pin             Reference Pin  Required(ns)  Actual(ns)  Slack(ns)  Location  Pin
Min Period        n/a     RAMB18E1/CLKARDCLK  n/a            2.576         20.000      17.424               u_coeff/coeffs_reg_0/CLKARDCLK
Low Pulse Width   Slow    SRL16E/CLK          n/a            0.980         10.000      9.020                u_delay/g_srl.g_segment[0].sr_reg[15][0]_srl16/CLK
High Pulse Width  Slow    SRL16E/CLK          n/a            0.980         10.000      9.020                u_delay/g_srl.g_segment[0].sr_reg[15][0]_srl16/CLK



